60 runs over 3 area(s), 0 already done -- selection on validation MAE only
E6-dlinear-00 dlinear  area= 5161 val_mae= 107.194 test_mae=  83.333 MASE=0.240 skill=+0.760 103.8s
E6-dlinear-01 dlinear  area= 5161 val_mae= 107.029 test_mae=  85.753 MASE=0.247 skill=+0.753  94.6s
E6-dlinear-02 dlinear  area= 5161 val_mae= 106.121 test_mae=  83.205 MASE=0.240 skill=+0.760  65.5s
E6-dlinear-03 dlinear  area= 5161 val_mae= 108.856 test_mae=  84.738 MASE=0.244 skill=+0.756  37.3s
E6-tcn-00 tcn      area= 5161 val_mae= 100.487 test_mae=  84.395 MASE=0.243 skill=+0.757 235.4s
E6-tcn-01 tcn      area= 5161 val_mae= 102.603 test_mae=  84.578 MASE=0.243 skill=+0.757 233.9s
E6-tcn-02 tcn      area= 5161 val_mae=  97.500 test_mae=  77.713 MASE=0.224 skill=+0.776 258.3s
E6-tcn-03 tcn      area= 5161 val_mae=  99.419 test_mae=  80.150 MASE=0.231 skill=+0.769 216.7s
E6-tcn-04 tcn      area= 5161 val_mae=  95.757 test_mae=  79.551 MASE=0.229 skill=+0.771 151.7s
E6-tcn-05 tcn      area= 5161 val_mae= 100.032 test_mae=  85.038 MASE=0.245 skill=+0.755 128.7s
E6-tcn-06 tcn      area= 5161 val_mae=  96.762 test_mae=  80.571 MASE=0.232 skill=+0.768 259.4s
E6-tcn-07 tcn      area= 5161 val_mae=  96.460 test_mae=  84.085 MASE=0.242 skill=+0.758 221.6s
E6-gru-00 gru      area= 5161 val_mae= 104.124 test_mae=  87.402 MASE=0.252 skill=+0.748 166.9s
E6-gru-01 gru      area= 5161 val_mae= 103.360 test_mae=  86.909 MASE=0.250 skill=+0.750 240.9s
E6-gru-02 gru      area= 5161 val_mae= 102.727 test_mae=  84.294 MASE=0.243 skill=+0.757 248.4s
E6-gru-03 gru      area= 5161 val_mae= 102.931 test_mae=  85.429 MASE=0.246 skill=+0.754 462.0s
E6-gru-04 gru      area= 5161 val_mae= 100.379 test_mae=  81.364 MASE=0.234 skill=+0.766 304.7s
E6-gru-05 gru      area= 5161 val_mae= 101.027 test_mae=  83.795 MASE=0.241 skill=+0.759 545.1s
E6-gru-06 gru      area= 5161 val_mae= 102.427 test_mae=  85.182 MASE=0.245 skill=+0.755 210.8s
E6-gru-07 gru      area= 5161 val_mae= 102.863 test_mae=  87.446 MASE=0.252 skill=+0.748 515.8s
E6-dlinear-00 dlinear  area= 4159 val_mae=  22.396 test_mae=  14.317 MASE=0.175 skill=+0.825   3.3s
E6-dlinear-01 dlinear  area= 4159 val_mae=  22.346 test_mae=  14.198 MASE=0.174 skill=+0.826   5.8s
E6-dlinear-02 dlinear  area= 4159 val_mae=  22.329 test_mae=  14.284 MASE=0.175 skill=+0.825   7.2s
E6-dlinear-03 dlinear  area= 4159 val_mae=  22.338 test_mae=  14.222 MASE=0.174 skill=+0.826   9.2s
E6-tcn-00 tcn      area= 4159 val_mae=  19.954 test_mae=  14.512 MASE=0.177 skill=+0.823  61.4s
E6-tcn-01 tcn      area= 4159 val_mae=  19.921 test_mae=  13.851 MASE=0.169 skill=+0.831  86.4s
E6-tcn-02 tcn      area= 4159 val_mae=  20.130 test_mae=  13.565 MASE=0.166 skill=+0.834  78.9s
E6-tcn-03 tcn      area= 4159 val_mae=  19.803 test_mae=  13.914 MASE=0.170 skill=+0.830 120.4s
E6-tcn-04 tcn      area= 4159 val_mae=  19.710 test_mae=  13.650 MASE=0.167 skill=+0.833 121.1s
E6-tcn-05 tcn      area= 4159 val_mae=  19.647 test_mae=  13.514 MASE=0.165 skill=+0.835 142.7s
E6-tcn-06 tcn      area= 4159 val_mae=  19.625 test_mae=  13.571 MASE=0.166 skill=+0.834 231.1s
E6-tcn-07 tcn      area= 4159 val_mae=  19.720 test_mae=  13.466 MASE=0.165 skill=+0.835 165.8s
E6-gru-00 gru      area= 4159 val_mae=  20.712 test_mae=  14.177 MASE=0.173 skill=+0.827 214.1s
E6-gru-01 gru      area= 4159 val_mae=  20.941 test_mae=  14.656 MASE=0.179 skill=+0.821 268.2s
E6-gru-02 gru      area= 4159 val_mae=  20.690 test_mae=  14.457 MASE=0.177 skill=+0.823 344.8s
E6-gru-03 gru      area= 4159 val_mae=  20.573 test_mae=  14.120 MASE=0.173 skill=+0.827 893.0s
E6-gru-04 gru      area= 4159 val_mae=  20.664 test_mae=  13.943 MASE=0.170 skill=+0.830 240.8s
E6-gru-05 gru      area= 4159 val_mae=  20.778 test_mae=  13.934 MASE=0.170 skill=+0.830 608.7s
E6-gru-06 gru      area= 4159 val_mae=  20.518 test_mae=  14.068 MASE=0.172 skill=+0.828 524.9s
E6-gru-07 gru      area= 4159 val_mae=  20.576 test_mae=  14.004 MASE=0.171 skill=+0.829 914.9s
E6-dlinear-00 dlinear  area= 4556 val_mae=  33.922 test_mae=  25.653 MASE=0.228 skill=+0.772   6.6s
E6-dlinear-01 dlinear  area= 4556 val_mae=  33.964 test_mae=  25.730 MASE=0.229 skill=+0.771   7.3s
E6-dlinear-02 dlinear  area= 4556 val_mae=  33.861 test_mae=  25.947 MASE=0.231 skill=+0.769   8.9s
E6-dlinear-03 dlinear  area= 4556 val_mae=  33.812 test_mae=  25.609 MASE=0.228 skill=+0.772  18.4s
E6-tcn-00 tcn      area= 4556 val_mae=  33.039 test_mae=  27.806 MASE=0.248 skill=+0.752  88.2s
E6-tcn-01 tcn      area= 4556 val_mae=  33.131 test_mae=  27.198 MASE=0.242 skill=+0.758  86.0s
E6-tcn-02 tcn      area= 4556 val_mae=  32.999 test_mae=  26.708 MASE=0.238 skill=+0.762  88.5s
E6-tcn-03 tcn      area= 4556 val_mae=  33.117 test_mae=  26.862 MASE=0.239 skill=+0.761 211.1s
E6-tcn-04 tcn      area= 4556 val_mae=  33.360 test_mae=  26.308 MASE=0.234 skill=+0.766  71.1s
E6-tcn-05 tcn      area= 4556 val_mae=  32.943 test_mae=  26.136 MASE=0.233 skill=+0.767 200.0s
E6-tcn-06 tcn      area= 4556 val_mae=  32.895 test_mae=  25.908 MASE=0.231 skill=+0.769 238.3s
E6-tcn-07 tcn      area= 4556 val_mae=  33.010 test_mae=  26.478 MASE=0.236 skill=+0.764 208.5s
E6-gru-00 gru      area= 4556 val_mae=  34.558 test_mae=  26.356 MASE=0.235 skill=+0.765 140.6s
E6-gru-01 gru      area= 4556 val_mae=  34.492 test_mae=  26.429 MASE=0.235 skill=+0.765 308.6s
E6-gru-02 gru      area= 4556 val_mae=  33.746 test_mae=  27.102 MASE=0.241 skill=+0.759 469.7s
E6-gru-03 gru      area= 4556 val_mae=  34.124 test_mae=  27.182 MASE=0.242 skill=+0.758 560.7s
E6-gru-04 gru      area= 4556 val_mae=  33.926 test_mae=  28.140 MASE=0.251 skill=+0.749 381.6s
E6-gru-05 gru      area= 4556 val_mae=  34.495 test_mae=  26.714 MASE=0.238 skill=+0.762 228.2s
E6-gru-06 gru      area= 4556 val_mae=  33.016 test_mae=  26.758 MASE=0.238 skill=+0.762 749.9s
E6-gru-07 gru      area= 4556 val_mae=  33.933 test_mae=  27.171 MASE=0.242 skill=+0.758 877.6s
